// Jest Snapshot v1, https://goo.gl/fbAQLP

exports[`SortButtons Sort options should use templates sortable properties as options (with asc and desc for each) 1`] = `
<div
  className="sort-buttons"
>
  <div
    className="Dropdown order-by "
  >
    <ul
      className="Dropdown-list"
      onClick={[Function]}
    >
      <li
        className="Dropdown-option is-active"
        key="0"
      >
        <a
          className="Dropdown-option__item is-active"
          onClick={[Function]}
        >
          <span>
            Title
             (
            Z-A
            )
          </span>
          <ShowIf
            if={true}
          >
            <Component
              icon="caret-down"
            />
          </ShowIf>
          <ShowIf
            if={true}
          >
            <Component
              icon="caret-up"
            />
          </ShowIf>
        </a>
        <a
          className="Dropdown-option__item "
          onClick={[Function]}
        >
          <span>
            Title
             (
            A-Z
            )
          </span>
          <ShowIf
            if={false}
          >
            <Component
              icon="caret-down"
            />
          </ShowIf>
          <ShowIf
            if={false}
          >
            <Component
              icon="caret-up"
            />
          </ShowIf>
        </a>
      </li>
      <li
        className="Dropdown-option "
        key="1"
      >
        <a
          className="Dropdown-option__item "
          onClick={[Function]}
        >
          <span>
            Date added
             (
            Recently
            )
          </span>
          <ShowIf
            if={false}
          >
            <Component
              icon="caret-down"
            />
          </ShowIf>
          <ShowIf
            if={false}
          >
            <Component
              icon="caret-up"
            />
          </ShowIf>
        </a>
        <a
          className="Dropdown-option__item "
          onClick={[Function]}
        >
          <span>
            Date added
             (
            Least recently
            )
          </span>
          <ShowIf
            if={false}
          >
            <Component
              icon="caret-down"
            />
          </ShowIf>
          <ShowIf
            if={false}
          >
            <Component
              icon="caret-up"
            />
          </ShowIf>
        </a>
      </li>
      <li
        className="Dropdown-option "
        key="2"
      >
        <a
          className="Dropdown-option__item "
          onClick={[Function]}
        >
          <span>
            Relevance
          </span>
        </a>
      </li>
      <li
        className="Dropdown-option "
        key="3"
      >
        <a
          className="Dropdown-option__item "
          onClick={[Function]}
        >
          <span>
            date
             (
            Recently
            )
          </span>
          <ShowIf
            if={false}
          >
            <Component
              icon="caret-down"
            />
          </ShowIf>
          <ShowIf
            if={false}
          >
            <Component
              icon="caret-up"
            />
          </ShowIf>
        </a>
        <a
          className="Dropdown-option__item "
          onClick={[Function]}
        >
          <span>
            date
             (
            Least recently
            )
          </span>
          <ShowIf
            if={false}
          >
            <Component
              icon="caret-down"
            />
          </ShowIf>
          <ShowIf
            if={false}
          >
            <Component
              icon="caret-up"
            />
          </ShowIf>
        </a>
      </li>
      <li
        className="Dropdown-option "
        key="4"
      >
        <a
          className="Dropdown-option__item "
          onClick={[Function]}
        >
          <span>
            number
             (
            9-0
            )
          </span>
          <ShowIf
            if={false}
          >
            <Component
              icon="caret-down"
            />
          </ShowIf>
          <ShowIf
            if={false}
          >
            <Component
              icon="caret-up"
            />
          </ShowIf>
        </a>
        <a
          className="Dropdown-option__item "
          onClick={[Function]}
        >
          <span>
            number
             (
            0-9
            )
          </span>
          <ShowIf
            if={false}
          >
            <Component
              icon="caret-down"
            />
          </ShowIf>
          <ShowIf
            if={false}
          >
            <Component
              icon="caret-up"
            />
          </ShowIf>
        </a>
      </li>
      <li
        className="Dropdown-option "
        key="5"
      >
        <a
          className="Dropdown-option__item "
          onClick={[Function]}
        >
          <span>
            my select
             (
            A-Z
            )
          </span>
          <ShowIf
            if={false}
          >
            <Component
              icon="caret-down"
            />
          </ShowIf>
          <ShowIf
            if={false}
          >
            <Component
              icon="caret-up"
            />
          </ShowIf>
        </a>
        <a
          className="Dropdown-option__item "
          onClick={[Function]}
        >
          <span>
            my select
             (
            Z-A
            )
          </span>
          <ShowIf
            if={false}
          >
            <Component
              icon="caret-down"
            />
          </ShowIf>
          <ShowIf
            if={false}
          >
            <Component
              icon="caret-up"
            />
          </ShowIf>
        </a>
      </li>
      <li
        className="Dropdown-option "
        key="6"
      >
        <a
          className="Dropdown-option__item "
          onClick={[Function]}
        >
          <span>
            sortableProperty
             (
            A-Z
            )
          </span>
          <ShowIf
            if={false}
          >
            <Component
              icon="caret-down"
            />
          </ShowIf>
          <ShowIf
            if={false}
          >
            <Component
              icon="caret-up"
            />
          </ShowIf>
        </a>
        <a
          className="Dropdown-option__item "
          onClick={[Function]}
        >
          <span>
            sortableProperty
             (
            Z-A
            )
          </span>
          <ShowIf
            if={false}
          >
            <Component
              icon="caret-down"
            />
          </ShowIf>
          <ShowIf
            if={false}
          >
            <Component
              icon="caret-up"
            />
          </ShowIf>
        </a>
      </li>
    </ul>
  </div>
</div>
`;
